// Jest Snapshot v1, https://goo.gl/fbAQLP

exports[`AdvantagesItem component AdvantagesItem component render 1`] = `ShallowWrapper {}`;
